2026-09-23 15:05:28.661: [INFO] CurrentProfilePath: D:\DOCUMENTS\Mycodes files 26\habit_trakker\server\.metadata\.plugins\org.eclipse.swt\EBWebView\Default
2026-09-23 15:05:28.661: [INFO] Profiles total count: 1
2026-09-23 15:05:28.661: [INFO] Profile: name=Profile 1 path=D:\DOCUMENTS\Mycodes files 26\habit_trakker\server\.metadata\.plugins\org.eclipse.swt\EBWebView\Default lastActive=null
2026-09-23 15:05:28.661: [INFO] LastUsedProfileDir: D:\DOCUMENTS\Mycodes files 26\habit_trakker\server\.metadata\.plugins\org.eclipse.swt\EBWebView\Default
2026-09-23 15:05:28.661: [INFO] OnDoneLoading sync enabled: 0
2026-09-23 15:05:28.661: [INFO] BookmarkModelLoaded, ids_reassigned: 0
2026-09-23 15:05:28.661: [INFO] BookmarksLoadDropped droppedNodes=0
2026-09-23 15:05:28.661: [INFO] BookmarksSnapshot Startup total=0 bar=0 other=0 mobile=0 showBar=0 showBarNTP=1
2026-09-23 15:05:49.949: [INFO] BookmarksSnapshot Shutdown total=0 bar=0 other=0 mobile=0 showBar=0 showBarNTP=1
2026-09-23 15:07:33.339: [INFO] CurrentProfilePath: D:\DOCUMENTS\Mycodes files 26\habit_trakker\server\.metadata\.plugins\org.eclipse.swt\EBWebView\Default
2026-09-23 15:07:33.339: [INFO] Profiles total count: 1
2026-09-23 15:07:33.339: [INFO] Profile: name=Profile 1 path=D:\DOCUMENTS\Mycodes files 26\habit_trakker\server\.metadata\.plugins\org.eclipse.swt\EBWebView\Default lastActive=2026-09-23T15:05:29.097Z
2026-09-23 15:07:33.339: [INFO] LastUsedProfileDir: D:\DOCUMENTS\Mycodes files 26\habit_trakker\server\.metadata\.plugins\org.eclipse.swt\EBWebView\Default
2026-09-23 15:07:33.339: [INFO] MostRecentlyActiveProfile: name=Profile 1 path=D:\DOCUMENTS\Mycodes files 26\habit_trakker\server\.metadata\.plugins\org.eclipse.swt\EBWebView\Default lastActive=2026-09-23T15:05:29.097Z
2026-09-23 15:07:33.339: [INFO] OnDoneLoading sync enabled: 0
2026-09-23 15:07:33.339: [INFO] BookmarkModelLoaded, ids_reassigned: 0
2026-09-23 15:07:33.339: [INFO] BookmarksLoadDropped droppedNodes=0
2026-09-23 15:07:33.339: [INFO] BookmarksSnapshot Startup total=0 bar=0 other=0 mobile=0 showBar=0 showBarNTP=1
2026-09-23 15:07:33.628: [INFO] BookmarksSnapshot Shutdown total=0 bar=0 other=0 mobile=0 showBar=0 showBarNTP=1
2026-09-23 15:07:50.090: [INFO] CurrentProfilePath: D:\DOCUMENTS\Mycodes files 26\habit_trakker\server\.metadata\.plugins\org.eclipse.swt\EBWebView\Default
2026-09-23 15:07:50.090: [INFO] Profiles total count: 1
2026-09-23 15:07:50.091: [INFO] Profile: name=Profile 1 path=D:\DOCUMENTS\Mycodes files 26\habit_trakker\server\.metadata\.plugins\org.eclipse.swt\EBWebView\Default lastActive=2026-09-23T15:05:29.097Z
2026-09-23 15:07:50.091: [INFO] LastUsedProfileDir: D:\DOCUMENTS\Mycodes files 26\habit_trakker\server\.metadata\.plugins\org.eclipse.swt\EBWebView\Default
2026-09-23 15:07:50.091: [INFO] MostRecentlyActiveProfile: name=Profile 1 path=D:\DOCUMENTS\Mycodes files 26\habit_trakker\server\.metadata\.plugins\org.eclipse.swt\EBWebView\Default lastActive=2026-09-23T15:05:29.097Z
2026-09-23 15:07:50.091: [INFO] OnDoneLoading sync enabled: 0
2026-09-23 15:07:50.091: [INFO] BookmarkModelLoaded, ids_reassigned: 0
2026-09-23 15:07:50.091: [INFO] BookmarksLoadDropped droppedNodes=0
2026-09-23 15:07:50.091: [INFO] BookmarksSnapshot Startup total=0 bar=0 other=0 mobile=0 showBar=0 showBarNTP=1
2026-09-23 15:07:50.269: [INFO] BookmarksSnapshot Shutdown total=0 bar=0 other=0 mobile=0 showBar=0 showBarNTP=1
2026-09-23 15:08:07.878: [INFO] CurrentProfilePath: D:\DOCUMENTS\Mycodes files 26\habit_trakker\server\.metadata\.plugins\org.eclipse.swt\EBWebView\Default
2026-09-23 15:08:07.878: [INFO] Profiles total count: 1
2026-09-23 15:08:07.878: [INFO] Profile: name=Profile 1 path=D:\DOCUMENTS\Mycodes files 26\habit_trakker\server\.metadata\.plugins\org.eclipse.swt\EBWebView\Default lastActive=2026-09-23T15:05:29.097Z
2026-09-23 15:08:07.878: [INFO] LastUsedProfileDir: D:\DOCUMENTS\Mycodes files 26\habit_trakker\server\.metadata\.plugins\org.eclipse.swt\EBWebView\Default
2026-09-23 15:08:07.878: [INFO] MostRecentlyActiveProfile: name=Profile 1 path=D:\DOCUMENTS\Mycodes files 26\habit_trakker\server\.metadata\.plugins\org.eclipse.swt\EBWebView\Default lastActive=2026-09-23T15:05:29.097Z
2026-09-23 15:08:07.878: [INFO] OnDoneLoading sync enabled: 0
2026-09-23 15:08:07.878: [INFO] BookmarkModelLoaded, ids_reassigned: 0
2026-09-23 15:08:07.878: [INFO] BookmarksLoadDropped droppedNodes=0
2026-09-23 15:08:07.878: [INFO] BookmarksSnapshot Startup total=0 bar=0 other=0 mobile=0 showBar=0 showBarNTP=1
2026-09-23 15:08:07.999: [INFO] BookmarksSnapshot Shutdown total=0 bar=0 other=0 mobile=0 showBar=0 showBarNTP=1
2026-09-23 15:08:14.991: [INFO] CurrentProfilePath: D:\DOCUMENTS\Mycodes files 26\habit_trakker\server\.metadata\.plugins\org.eclipse.swt\EBWebView\Default
2026-09-23 15:08:14.991: [INFO] Profiles total count: 1
2026-09-23 15:08:14.991: [INFO] Profile: name=Profile 1 path=D:\DOCUMENTS\Mycodes files 26\habit_trakker\server\.metadata\.plugins\org.eclipse.swt\EBWebView\Default lastActive=2026-09-23T15:05:29.097Z
2026-09-23 15:08:14.991: [INFO] LastUsedProfileDir: D:\DOCUMENTS\Mycodes files 26\habit_trakker\server\.metadata\.plugins\org.eclipse.swt\EBWebView\Default
2026-09-23 15:08:14.991: [INFO] MostRecentlyActiveProfile: name=Profile 1 path=D:\DOCUMENTS\Mycodes files 26\habit_trakker\server\.metadata\.plugins\org.eclipse.swt\EBWebView\Default lastActive=2026-09-23T15:05:29.097Z
2026-09-23 15:08:14.991: [INFO] OnDoneLoading sync enabled: 0
2026-09-23 15:08:14.991: [INFO] BookmarkModelLoaded, ids_reassigned: 0
2026-09-23 15:08:14.991: [INFO] BookmarksLoadDropped droppedNodes=0
2026-09-23 15:08:14.991: [INFO] BookmarksSnapshot Startup total=0 bar=0 other=0 mobile=0 showBar=0 showBarNTP=1
2026-09-23 15:08:15.091: [INFO] BookmarksSnapshot Shutdown total=0 bar=0 other=0 mobile=0 showBar=0 showBarNTP=1
2026-09-23 15:08:30.590: [INFO] CurrentProfilePath: D:\DOCUMENTS\Mycodes files 26\habit_trakker\server\.metadata\.plugins\org.eclipse.swt\EBWebView\Default
2026-09-23 15:08:30.590: [INFO] Profiles total count: 1
2026-09-23 15:08:30.590: [INFO] Profile: name=Profile 1 path=D:\DOCUMENTS\Mycodes files 26\habit_trakker\server\.metadata\.plugins\org.eclipse.swt\EBWebView\Default lastActive=2026-09-23T15:05:29.097Z
2026-09-23 15:08:30.590: [INFO] LastUsedProfileDir: D:\DOCUMENTS\Mycodes files 26\habit_trakker\server\.metadata\.plugins\org.eclipse.swt\EBWebView\Default
2026-09-23 15:08:30.590: [INFO] MostRecentlyActiveProfile: name=Profile 1 path=D:\DOCUMENTS\Mycodes files 26\habit_trakker\server\.metadata\.plugins\org.eclipse.swt\EBWebView\Default lastActive=2026-09-23T15:05:29.097Z
2026-09-23 15:08:30.590: [INFO] OnDoneLoading sync enabled: 0
2026-09-23 15:08:30.590: [INFO] BookmarkModelLoaded, ids_reassigned: 0
2026-09-23 15:08:30.590: [INFO] BookmarksLoadDropped droppedNodes=0
2026-09-23 15:08:30.590: [INFO] BookmarksSnapshot Startup total=0 bar=0 other=0 mobile=0 showBar=0 showBarNTP=1
2026-09-23 15:08:30.692: [INFO] BookmarksSnapshot Shutdown total=0 bar=0 other=0 mobile=0 showBar=0 showBarNTP=1
2026-09-23 16:28:18.498: [INFO] CurrentProfilePath: D:\DOCUMENTS\Mycodes files 26\habit_trakker\server\.metadata\.plugins\org.eclipse.swt\EBWebView\Default
2026-09-23 16:28:18.498: [INFO] Profiles total count: 1
2026-09-23 16:28:18.498: [INFO] Profile: name=Profile 1 path=D:\DOCUMENTS\Mycodes files 26\habit_trakker\server\.metadata\.plugins\org.eclipse.swt\EBWebView\Default lastActive=2026-09-23T15:05:29.097Z
2026-09-23 16:28:18.498: [INFO] LastUsedProfileDir: D:\DOCUMENTS\Mycodes files 26\habit_trakker\server\.metadata\.plugins\org.eclipse.swt\EBWebView\Default
2026-09-23 16:28:18.498: [INFO] MostRecentlyActiveProfile: name=Profile 1 path=D:\DOCUMENTS\Mycodes files 26\habit_trakker\server\.metadata\.plugins\org.eclipse.swt\EBWebView\Default lastActive=2026-09-23T15:05:29.097Z
2026-09-23 16:28:18.498: [INFO] OnDoneLoading sync enabled: 0
2026-09-23 16:28:18.498: [INFO] BookmarkModelLoaded, ids_reassigned: 0
2026-09-23 16:28:18.498: [INFO] BookmarksLoadDropped droppedNodes=0
2026-09-23 16:28:18.498: [INFO] BookmarksSnapshot Startup total=0 bar=0 other=0 mobile=0 showBar=0 showBarNTP=1
2026-09-23 16:46:42.555: [INFO] BookmarksSnapshot Shutdown total=0 bar=0 other=0 mobile=0 showBar=0 showBarNTP=1
2026-09-23 16:58:15.615: [INFO] CurrentProfilePath: D:\DOCUMENTS\Mycodes files 26\habit_trakker\server\.metadata\.plugins\org.eclipse.swt\EBWebView\Default
2026-09-23 16:58:15.615: [INFO] Profiles total count: 1
2026-09-23 16:58:15.615: [INFO] Profile: name=Profile 1 path=D:\DOCUMENTS\Mycodes files 26\habit_trakker\server\.metadata\.plugins\org.eclipse.swt\EBWebView\Default lastActive=2026-09-23T16:46:40.652Z
2026-09-23 16:58:15.615: [INFO] LastUsedProfileDir: D:\DOCUMENTS\Mycodes files 26\habit_trakker\server\.metadata\.plugins\org.eclipse.swt\EBWebView\Default
2026-09-23 16:58:15.615: [INFO] MostRecentlyActiveProfile: name=Profile 1 path=D:\DOCUMENTS\Mycodes files 26\habit_trakker\server\.metadata\.plugins\org.eclipse.swt\EBWebView\Default lastActive=2026-09-23T16:46:40.652Z
2026-09-23 16:58:15.615: [INFO] OnDoneLoading sync enabled: 0
2026-09-23 16:58:15.615: [INFO] BookmarkModelLoaded, ids_reassigned: 0
2026-09-23 16:58:15.615: [INFO] BookmarksLoadDropped droppedNodes=0
2026-09-23 16:58:15.615: [INFO] BookmarksSnapshot Startup total=0 bar=0 other=0 mobile=0 showBar=0 showBarNTP=1
2026-09-23 19:26:15.442: [INFO] BookmarksSnapshot Shutdown total=0 bar=0 other=0 mobile=0 showBar=0 showBarNTP=1
2026-09-24 03:12:03.548: [INFO] CurrentProfilePath: D:\DOCUMENTS\Mycodes files 26\habit_trakker\server\.metadata\.plugins\org.eclipse.swt\EBWebView\Default
2026-09-24 03:12:03.548: [INFO] Profiles total count: 1
2026-09-24 03:12:03.548: [INFO] Profile: name=Profile 1 path=D:\DOCUMENTS\Mycodes files 26\habit_trakker\server\.metadata\.plugins\org.eclipse.swt\EBWebView\Default lastActive=2026-09-23T16:46:40.652Z
2026-09-24 03:12:03.548: [INFO] LastUsedProfileDir: D:\DOCUMENTS\Mycodes files 26\habit_trakker\server\.metadata\.plugins\org.eclipse.swt\EBWebView\Default
2026-09-24 03:12:03.549: [INFO] MostRecentlyActiveProfile: name=Profile 1 path=D:\DOCUMENTS\Mycodes files 26\habit_trakker\server\.metadata\.plugins\org.eclipse.swt\EBWebView\Default lastActive=2026-09-23T16:46:40.652Z
2026-09-24 03:12:03.549: [INFO] OnDoneLoading sync enabled: 0
2026-09-24 03:12:03.549: [INFO] BookmarkModelLoaded, ids_reassigned: 0
2026-09-24 03:12:03.549: [INFO] BookmarksLoadDropped droppedNodes=0
2026-09-24 03:12:03.549: [INFO] BookmarksSnapshot Startup total=0 bar=0 other=0 mobile=0 showBar=0 showBarNTP=1
